     VMA      LMA     Size Align Out     In      Symbol
       0        0 80200000     1 . = 0x80200000
80200000 80200000      32a     4 .text
80200000 80200000       10     1         /var/folders/y0/2n027hfx21v_bhfbk55hbnp80000gn/T/boot-59248f.o:(.text.boot)
80200000 80200000        0     1                 .L0 
80200000 80200000        0     1                 .Lpcrel_hi0
80200000 80200000        0     1                 $x
80200000 80200000        0     1                 .L0 
80200000 80200000        0     1                 boot
80200008 80200008        0     1                 .L0 
8020000a 8020000a        0     1                 .L0 
8020000e 8020000e        0     1                 .L0 
80200010 80200010        0     1                 .L0 
80200010 80200010        0     2         /var/folders/y0/2n027hfx21v_bhfbk55hbnp80000gn/T/boot-59248f.o:(.text)
80200010 80200010      102     4         /var/folders/y0/2n027hfx21v_bhfbk55hbnp80000gn/T/kernel-f65e2c.o:(.text)
80200010 80200010        0     1                 .L0 
80200010 80200010        0     1                 .L0 
80200010 80200010        0     1                 $x
80200010 80200010        0     1                 .L0 
80200010 80200010        6     1                 sbi_call
80200016 80200016        0     1                 .L0 
80200016 80200016        0     1                 .L0 
80200016 80200016       14     1                 putchar
8020002c 8020002c        0     1                 .L0 
8020002c 8020002c        0     1                 .L0 
8020002c 8020002c        0     1                 .L0 
8020002c 8020002c       90     1                 kernel_entry
802000bc 802000bc        0     1                 .L0 
802000bc 802000bc        0     1                 .L0 
802000bc 802000bc        0     1                 .L0 
802000bc 802000bc        0     1                 .L0 
802000bc 802000bc        0     1                 .L0 
802000bc 802000bc       28     1                 handle_trap
802000c0 802000c0        0     1                 .L0 
802000c4 802000c4        0     1                 .L0 
802000c8 802000c8        0     1                 .L0 
802000cc 802000cc        0     1                 .L0 
802000cc 802000cc        0     1                 .L0 
802000d0 802000d0        0     1                 .L0 
802000e2 802000e2        0     1                 .L0 
802000e4 802000e4        0     1                 .L0 
802000e4 802000e4        0     1                 .L0 
802000e4 802000e4        0     1                 .L0 
802000e4 802000e4        0     1                 .L0 
802000e4 802000e4        0     1                 .L0 
802000e4 802000e4       2e     1                 kernel_main
802000e8 802000e8        0     1                 .L0 
802000e8 802000e8        0     1                 .L0 
802000fe 802000fe        0     1                 .L0 
802000fe 802000fe        0     1                 .L0 
80200106 80200106        0     1                 .L0 
8020010a 8020010a        0     1                 .L0 
8020010a 8020010a        0     1                 .L0 
8020010e 8020010e        0     1                 .L0 
80200112 80200112        0     1                 .L0 
80200112 80200112        0     1                 .L0 
80200112 80200112      218     2         /var/folders/y0/2n027hfx21v_bhfbk55hbnp80000gn/T/common-ead422.o:(.text)
80200112 80200112        0     1                 .L0 
80200112 80200112        0     1                 .L0 
80200112 80200112        0     1                 $x
80200112 80200112        0     1                 .L0 
80200112 80200112      1a2     1                 printf
8020012e 8020012e        0     1                 .L0 
80200158 80200158        0     1                 .L0 
80200168 80200168        0     1                 .L0 
80200168 80200168        0     1                 .L0 
8020016c 8020016c        0     1                 .L0 
8020016c 8020016c        0     1                 .L0 
8020016e 8020016e        0     1                 .L0 
80200172 80200172        0     1                 .L0 
80200176 80200176        0     1                 .L0 
8020017a 8020017a        0     1                 .L0 
8020017a 8020017a        0     1                 .L0 
8020017c 8020017c        0     1                 .L0 
8020017c 8020017c        0     1                 .L0 
8020017e 8020017e        0     1                 .L0 
80200180 80200180        0     1                 .L0 
80200180 80200180        0     1                 .L0 
80200186 80200186        0     1                 .L0 
8020018a 8020018a        0     1                 .L0 
8020018e 8020018e        0     1                 .L0 
80200196 80200196        0     1                 .L0 
80200196 80200196        0     1                 .L0 
802001a2 802001a2        0     1                 .L0 
802001a2 802001a2        0     1                 .L0 
802001a6 802001a6        0     1                 .L0 
802001a6 802001a6        0     1                 .L0 
802001a8 802001a8        0     1                 .L0 
802001ac 802001ac        0     1                 .L0 
802001ac 802001ac        0     1                 .L0 
802001b2 802001b2        0     1                 .L0 
802001b4 802001b4        0     1                 .L0 
802001b8 802001b8        0     1                 .L0 
802001be 802001be        0     1                 .L0 
802001be 802001be        0     1                 .L0 
802001be 802001be        0     1                 .L0 
802001c2 802001c2        0     1                 .L0 
802001c6 802001c6        0     1                 .L0 
802001c6 802001c6        0     1                 .L0 
802001d0 802001d0        0     1                 .L0 
802001d4 802001d4        0     1                 .L0 
802001d6 802001d6        0     1                 .L0 
802001da 802001da        0     1                 .L0 
802001dc 802001dc        0     1                 .L0 
802001dc 802001dc        0     1                 .L0 
802001e2 802001e2        0     1                 .L0 
802001e4 802001e4        0     1                 .L0 
802001e8 802001e8        0     1                 .L0 
802001ea 802001ea        0     1                 .L0 
802001ea 802001ea        0     1                 .L0 
802001f0 802001f0        0     1                 .L0 
802001f2 802001f2        0     1                 .L0 
802001f6 802001f6        0     1                 .L0 
802001f8 802001f8        0     1                 .L0 
802001f8 802001f8        0     1                 .L0 
802001fe 802001fe        0     1                 .L0 
80200200 80200200        0     1                 .L0 
80200204 80200204        0     1                 .L0 
80200206 80200206        0     1                 .L0 
80200206 80200206        0     1                 .L0 
8020020c 8020020c        0     1                 .L0 
8020020e 8020020e        0     1                 .L0 
80200212 80200212        0     1                 .L0 
80200214 80200214        0     1                 .L0 
80200214 80200214        0     1                 .L0 
8020021a 8020021a        0     1                 .L0 
8020021c 8020021c        0     1                 .L0 
80200220 80200220        0     1                 .L0 
80200222 80200222        0     1                 .L0 
80200222 80200222        0     1                 .L0 
80200228 80200228        0     1                 .L0 
8020022a 8020022a        0     1                 .L0 
8020022e 8020022e        0     1                 .L0 
80200230 80200230        0     1                 .L0 
80200230 80200230        0     1                 .L0 
80200232 80200232        0     1                 .L0 
80200234 80200234        0     1                 .L0 
80200238 80200238        0     1                 .L0 
80200238 80200238        0     1                 .L0 
8020023a 8020023a        0     1                 .L0 
8020023a 8020023a        0     1                 .L0 
8020023c 8020023c        0     1                 .L0 
8020023e 8020023e        0     1                 .L0 
8020023e 8020023e        0     1                 .L0 
8020023e 8020023e        0     1                 .L0 
80200248 80200248        0     1                 .L0 
8020024c 8020024c        0     1                 .L0 
80200252 80200252        0     1                 .L0 
80200252 80200252        0     1                 .L0 
80200252 80200252        0     1                 .L0 
80200258 80200258        0     1                 .L0 
80200258 80200258        0     1                 .L0 
8020025c 8020025c        0     1                 .L0 
8020025e 8020025e        0     1                 .L0 
80200262 80200262        0     1                 .L0 
80200262 80200262        0     1                 .L0 
80200262 80200262        0     1                 .L0 
80200268 80200268        0     1                 .L0 
80200268 80200268        0     1                 .L0 
8020026a 8020026a        0     1                 .L0 
8020026c 8020026c        0     1                 .L0 
8020026e 8020026e        0     1                 .L0 
80200276 80200276        0     1                 .L0 
8020027c 8020027c        0     1                 .L0 
8020027c 8020027c        0     1                 .L0 
8020028a 8020028a        0     1                 .L0 
8020028a 8020028a        0     1                 .L0 
80200290 80200290        0     1                 .L0 
80200290 80200290        0     1                 .L0 
80200290 80200290        0     1                 .L0 
80200296 80200296        0     1                 .L0 
80200296 80200296        0     1                 .L0 
80200296 80200296        0     1                 .L0 
8020029a 8020029a        0     1                 .L0 
802002b0 802002b0        0     1                 .L0 
802002b4 802002b4        0     1                 .L0 
802002b4 802002b4        0     1                 .L0 
802002b4 802002b4        0     1                 .L0 
802002b4 802002b4        0     1                 .L0 
802002b4 802002b4        0     1                 .L0 
802002b4 802002b4       1c     1                 memcpy
802002b8 802002b8        0     1                 .L0 
802002b8 802002b8        0     1                 .L0 
802002ba 802002ba        0     1                 .L0 
802002c0 802002c0        0     1                 .L0 
802002c4 802002c4        0     1                 .L0 
802002ca 802002ca        0     1                 .L0 
802002ca 802002ca        0     1                 .L0 
802002ce 802002ce        0     1                 .L0 
802002ce 802002ce        0     1                 .L0 
802002ce 802002ce        0     1                 .L0 
802002d0 802002d0        0     1                 .L0 
802002d0 802002d0        0     1                 .L0 
802002d0 802002d0        0     1                 .L0 
802002d0 802002d0        0     1                 .L0 
802002d0 802002d0        0     1                 .L0 
802002d0 802002d0       16     1                 memset
802002d4 802002d4        0     1                 .L0 
802002d4 802002d4        0     1                 .L0 
802002d6 802002d6        0     1                 .L0 
802002da 802002da        0     1                 .L0 
802002e0 802002e0        0     1                 .L0 
802002e0 802002e0        0     1                 .L0 
802002e4 802002e4        0     1                 .L0 
802002e4 802002e4        0     1                 .L0 
802002e4 802002e4        0     1                 .L0 
802002e6 802002e6        0     1                 .L0 
802002e6 802002e6        0     1                 .L0 
802002e6 802002e6        0     1                 .L0 
802002e6 802002e6        0     1                 .L0 
802002e6 802002e6       20     1                 strcpy
802002ec 802002ec        0     1                 .L0 
802002f0 802002f0        0     1                 .L0 
802002f0 802002f0        0     1                 .L0 
802002f2 802002f2        0     1                 .L0 
802002fc 802002fc        0     1                 .L0 
802002fe 802002fe        0     1                 .L0 
80200300 80200300        0     1                 .L0 
80200300 80200300        0     1                 .L0 
80200300 80200300        0     1                 .L0 
80200306 80200306        0     1                 .L0 
80200306 80200306        0     1                 .L0 
80200306 80200306        0     1                 .L0 
80200306 80200306        0     1                 .L0 
80200306 80200306       24     1                 strcmp
8020030a 8020030a        0     1                 .L0 
8020030c 8020030c        0     1                 .L0 
8020030e 8020030e        0     1                 .L0 
8020030e 8020030e        0     1                 .L0 
80200312 80200312        0     1                 .L0 
80200316 80200316        0     1                 .L0 
80200316 80200316        0     1                 .L0 
8020031c 8020031c        0     1                 .L0 
8020031e 8020031e        0     1                 .L0 
80200320 80200320        0     1                 .L0 
80200320 80200320        0     1                 .L0 
8020032a 8020032a        0     1                 .L0 
8020032a 8020032a        0     1                 .L0 
8020032c 8020032c       57     4 .rodata
8020032c 8020032c       57     1         <internal>:(.rodata.str1.1)
80200384 80200384        0     4 .bss
80200384 80200384        0     1         __bss = .
80200384 80200384        0     1         __bss_end = .
80200384 80200384        0     1 . = ALIGN(4)
80200384 80200384    20000     1 . += 128 * 1024
80220384 80220384        0     1 __stack_top = .
       0        0       4e     1 .riscv.attributes
       0        0       4e     1         <internal>:(.riscv.attributes)
       0        0      6c2     1 .debug_info
       0        0       6d     1         /var/folders/y0/2n027hfx21v_bhfbk55hbnp80000gn/T/boot-59248f.o:(.debug_info)
       0        0        0     1                 .L0 
       0        0        0     1                 $d
      6d       6d      408     1         /var/folders/y0/2n027hfx21v_bhfbk55hbnp80000gn/T/kernel-f65e2c.o:(.debug_info)
      6d       6d        0     1                 $d
     475      475      24d     1         /var/folders/y0/2n027hfx21v_bhfbk55hbnp80000gn/T/common-ead422.o:(.debug_info)
     475      475        0     1                 $d
       0        0      307     1 .debug_abbrev
       0        0       21     1         /var/folders/y0/2n027hfx21v_bhfbk55hbnp80000gn/T/boot-59248f.o:(.debug_abbrev)
       0        0        0     1                 .L0 
       0        0        0     1                 $d
      21       21      1a5     1         /var/folders/y0/2n027hfx21v_bhfbk55hbnp80000gn/T/kernel-f65e2c.o:(.debug_abbrev)
      21       21        0     1                 $d
     1c6      1c6      141     1         /var/folders/y0/2n027hfx21v_bhfbk55hbnp80000gn/T/common-ead422.o:(.debug_abbrev)
     1c6      1c6        0     1                 $d
       0        0       20     1 .debug_aranges
       0        0       20     1         /var/folders/y0/2n027hfx21v_bhfbk55hbnp80000gn/T/boot-59248f.o:(.debug_aranges)
       0        0        0     1                 $d
       0        0      3c5     1 .debug_line
       0        0       4e     1         /var/folders/y0/2n027hfx21v_bhfbk55hbnp80000gn/T/boot-59248f.o:(.debug_line)
       0        0        0     1                 .Lline_table_start0
       0        0        0     1                 $d
      4e       4e       d2     1         /var/folders/y0/2n027hfx21v_bhfbk55hbnp80000gn/T/kernel-f65e2c.o:(.debug_line)
      4e       4e        0     1                 .Lline_table_start0
      4e       4e        0     1                 $d
     120      120      2a5     1         /var/folders/y0/2n027hfx21v_bhfbk55hbnp80000gn/T/common-ead422.o:(.debug_line)
     120      120        0     1                 .Lline_table_start0
     120      120        0     1                 $d
       0        0       47     1 .debug_line_str
       0        0       47     1         <internal>:(.debug_line_str)
       0        0      281     1 .debug_loclists
       0        0       94     1         /var/folders/y0/2n027hfx21v_bhfbk55hbnp80000gn/T/kernel-f65e2c.o:(.debug_loclists)
       0        0        0     1                 $d
       c        c        0     1                 .L0 
      94       94      1ed     1         /var/folders/y0/2n027hfx21v_bhfbk55hbnp80000gn/T/common-ead422.o:(.debug_loclists)
      94       94        0     1                 $d
      a0       a0        0     1                 .L0 
       0        0      1a8     1 .debug_str_offsets
       0        0      110     1         /var/folders/y0/2n027hfx21v_bhfbk55hbnp80000gn/T/kernel-f65e2c.o:(.debug_str_offsets)
       0        0        0     1                 $d
       8        8        0     1                 .L0 
     110      110       98     1         /var/folders/y0/2n027hfx21v_bhfbk55hbnp80000gn/T/common-ead422.o:(.debug_str_offsets)
     110      110        0     1                 $d
     118      118        0     1                 .L0 
       0        0      21a     1 .debug_str
       0        0      21a     1         <internal>:(.debug_str)
       0        0       98     1 .debug_addr
       0        0       38     1         /var/folders/y0/2n027hfx21v_bhfbk55hbnp80000gn/T/kernel-f65e2c.o:(.debug_addr)
       0        0        0     1                 $d
       8        8        0     1                 .L0 
      38       38       60     1         /var/folders/y0/2n027hfx21v_bhfbk55hbnp80000gn/T/common-ead422.o:(.debug_addr)
      38       38        0     1                 $d
      40       40        0     1                 .L0 
       0        0       3b     1 .comment
       0        0       3b     1         <internal>:(.comment)
       0        0      110     4 .debug_frame
       0        0       78     4         /var/folders/y0/2n027hfx21v_bhfbk55hbnp80000gn/T/kernel-f65e2c.o:(.debug_frame)
       0        0        0     1                 .L0 
       0        0        0     1                 $d
      78       78       98     4         /var/folders/y0/2n027hfx21v_bhfbk55hbnp80000gn/T/common-ead422.o:(.debug_frame)
      78       78        0     1                 .L0 
      78       78        0     1                 $d
       0        0       1b     1 .debug_rnglists
       0        0       1b     1         /var/folders/y0/2n027hfx21v_bhfbk55hbnp80000gn/T/common-ead422.o:(.debug_rnglists)
       0        0        0     1                 $d
       c        c        0     1                 .L0 
       0        0      330     4 .symtab
       0        0      330     4         <internal>:(.symtab)
       0        0       e5     1 .shstrtab
       0        0       e5     1         <internal>:(.shstrtab)
       0        0       f3     1 .strtab
       0        0       f3     1         <internal>:(.strtab)
