     VMA      LMA     Size Align Out     In      Symbol
       0        0 80200000     1 . = 0x80200000
80200000 80200000      274     2 .text
80200000 80200000       10     1         /var/folders/y0/2n027hfx21v_bhfbk55hbnp80000gn/T/boot-4bb23b.o:(.text.boot)
80200000 80200000        0     1                 .L0 
80200000 80200000        0     1                 .Lpcrel_hi0
80200000 80200000        0     1                 $x
80200000 80200000        0     1                 .L0 
80200000 80200000        0     1                 boot
80200008 80200008        0     1                 .L0 
8020000a 8020000a        0     1                 .L0 
8020000e 8020000e        0     1                 .L0 
80200010 80200010        0     1                 .L0 
80200010 80200010        0     2         /var/folders/y0/2n027hfx21v_bhfbk55hbnp80000gn/T/boot-4bb23b.o:(.text)
80200010 80200010       4c     2         /var/folders/y0/2n027hfx21v_bhfbk55hbnp80000gn/T/kernel-310442.o:(.text)
80200010 80200010        0     1                 .L0 
80200010 80200010        0     1                 .L0 
80200010 80200010        0     1                 $x
80200010 80200010        0     1                 .L0 
80200010 80200010        6     1                 sbi_call
80200016 80200016        0     1                 .L0 
80200016 80200016        0     1                 .L0 
80200016 80200016       14     1                 putchar
8020002a 8020002a        0     1                 .L0 
8020002a 8020002a        0     1                 .L0 
8020002a 8020002a       32     1                 kernel_main
8020002e 8020002e        0     1                 .L0 
80200044 80200044        0     1                 .L0 
80200044 80200044        0     1                 .L0 
8020005a 8020005a        0     1                 .L0 
8020005c 8020005c        0     1                 .L0 
8020005c 8020005c        0     1                 .L0 
8020005c 8020005c      218     2         /var/folders/y0/2n027hfx21v_bhfbk55hbnp80000gn/T/common-a6074f.o:(.text)
8020005c 8020005c        0     1                 .L0 
8020005c 8020005c        0     1                 .L0 
8020005c 8020005c        0     1                 $x
8020005c 8020005c        0     1                 .L0 
8020005c 8020005c      1a2     1                 printf
80200078 80200078        0     1                 .L0 
802000a2 802000a2        0     1                 .L0 
802000b2 802000b2        0     1                 .L0 
802000b2 802000b2        0     1                 .L0 
802000b6 802000b6        0     1                 .L0 
802000b6 802000b6        0     1                 .L0 
802000b8 802000b8        0     1                 .L0 
802000bc 802000bc        0     1                 .L0 
802000c0 802000c0        0     1                 .L0 
802000c4 802000c4        0     1                 .L0 
802000c4 802000c4        0     1                 .L0 
802000c6 802000c6        0     1                 .L0 
802000c6 802000c6        0     1                 .L0 
802000c8 802000c8        0     1                 .L0 
802000ca 802000ca        0     1                 .L0 
802000ca 802000ca        0     1                 .L0 
802000d0 802000d0        0     1                 .L0 
802000d4 802000d4        0     1                 .L0 
802000d8 802000d8        0     1                 .L0 
802000e0 802000e0        0     1                 .L0 
802000e0 802000e0        0     1                 .L0 
802000ec 802000ec        0     1                 .L0 
802000ec 802000ec        0     1                 .L0 
802000f0 802000f0        0     1                 .L0 
802000f0 802000f0        0     1                 .L0 
802000f2 802000f2        0     1                 .L0 
802000f6 802000f6        0     1                 .L0 
802000f6 802000f6        0     1                 .L0 
802000fc 802000fc        0     1                 .L0 
802000fe 802000fe        0     1                 .L0 
80200102 80200102        0     1                 .L0 
80200108 80200108        0     1                 .L0 
80200108 80200108        0     1                 .L0 
80200108 80200108        0     1                 .L0 
8020010c 8020010c        0     1                 .L0 
80200110 80200110        0     1                 .L0 
80200110 80200110        0     1                 .L0 
8020011a 8020011a        0     1                 .L0 
8020011e 8020011e        0     1                 .L0 
80200120 80200120        0     1                 .L0 
80200124 80200124        0     1                 .L0 
80200126 80200126        0     1                 .L0 
80200126 80200126        0     1                 .L0 
8020012c 8020012c        0     1                 .L0 
8020012e 8020012e        0     1                 .L0 
80200132 80200132        0     1                 .L0 
80200134 80200134        0     1                 .L0 
80200134 80200134        0     1                 .L0 
8020013a 8020013a        0     1                 .L0 
8020013c 8020013c        0     1                 .L0 
80200140 80200140        0     1                 .L0 
80200142 80200142        0     1                 .L0 
80200142 80200142        0     1                 .L0 
80200148 80200148        0     1                 .L0 
8020014a 8020014a        0     1                 .L0 
8020014e 8020014e        0     1                 .L0 
80200150 80200150        0     1                 .L0 
80200150 80200150        0     1                 .L0 
80200156 80200156        0     1                 .L0 
80200158 80200158        0     1                 .L0 
8020015c 8020015c        0     1                 .L0 
8020015e 8020015e        0     1                 .L0 
8020015e 8020015e        0     1                 .L0 
80200164 80200164        0     1                 .L0 
80200166 80200166        0     1                 .L0 
8020016a 8020016a        0     1                 .L0 
8020016c 8020016c        0     1                 .L0 
8020016c 8020016c        0     1                 .L0 
80200172 80200172        0     1                 .L0 
80200174 80200174        0     1                 .L0 
80200178 80200178        0     1                 .L0 
8020017a 8020017a        0     1                 .L0 
8020017a 8020017a        0     1                 .L0 
8020017c 8020017c        0     1                 .L0 
8020017e 8020017e        0     1                 .L0 
80200182 80200182        0     1                 .L0 
80200182 80200182        0     1                 .L0 
80200184 80200184        0     1                 .L0 
80200184 80200184        0     1                 .L0 
80200186 80200186        0     1                 .L0 
80200188 80200188        0     1                 .L0 
80200188 80200188        0     1                 .L0 
80200188 80200188        0     1                 .L0 
80200192 80200192        0     1                 .L0 
80200196 80200196        0     1                 .L0 
8020019c 8020019c        0     1                 .L0 
8020019c 8020019c        0     1                 .L0 
8020019c 8020019c        0     1                 .L0 
802001a2 802001a2        0     1                 .L0 
802001a2 802001a2        0     1                 .L0 
802001a6 802001a6        0     1                 .L0 
802001a8 802001a8        0     1                 .L0 
802001ac 802001ac        0     1                 .L0 
802001ac 802001ac        0     1                 .L0 
802001ac 802001ac        0     1                 .L0 
802001b2 802001b2        0     1                 .L0 
802001b2 802001b2        0     1                 .L0 
802001b4 802001b4        0     1                 .L0 
802001b6 802001b6        0     1                 .L0 
802001b8 802001b8        0     1                 .L0 
802001c0 802001c0        0     1                 .L0 
802001c6 802001c6        0     1                 .L0 
802001c6 802001c6        0     1                 .L0 
802001d4 802001d4        0     1                 .L0 
802001d4 802001d4        0     1                 .L0 
802001da 802001da        0     1                 .L0 
802001da 802001da        0     1                 .L0 
802001da 802001da        0     1                 .L0 
802001e0 802001e0        0     1                 .L0 
802001e0 802001e0        0     1                 .L0 
802001e0 802001e0        0     1                 .L0 
802001e4 802001e4        0     1                 .L0 
802001fa 802001fa        0     1                 .L0 
802001fe 802001fe        0     1                 .L0 
802001fe 802001fe        0     1                 .L0 
802001fe 802001fe        0     1                 .L0 
802001fe 802001fe        0     1                 .L0 
802001fe 802001fe        0     1                 .L0 
802001fe 802001fe       1c     1                 memcpy
80200202 80200202        0     1                 .L0 
80200202 80200202        0     1                 .L0 
80200204 80200204        0     1                 .L0 
8020020a 8020020a        0     1                 .L0 
8020020e 8020020e        0     1                 .L0 
80200214 80200214        0     1                 .L0 
80200214 80200214        0     1                 .L0 
80200218 80200218        0     1                 .L0 
80200218 80200218        0     1                 .L0 
80200218 80200218        0     1                 .L0 
8020021a 8020021a        0     1                 .L0 
8020021a 8020021a        0     1                 .L0 
8020021a 8020021a        0     1                 .L0 
8020021a 8020021a        0     1                 .L0 
8020021a 8020021a        0     1                 .L0 
8020021a 8020021a       16     1                 memset
8020021e 8020021e        0     1                 .L0 
8020021e 8020021e        0     1                 .L0 
80200220 80200220        0     1                 .L0 
80200224 80200224        0     1                 .L0 
8020022a 8020022a        0     1                 .L0 
8020022a 8020022a        0     1                 .L0 
8020022e 8020022e        0     1                 .L0 
8020022e 8020022e        0     1                 .L0 
8020022e 8020022e        0     1                 .L0 
80200230 80200230        0     1                 .L0 
80200230 80200230        0     1                 .L0 
80200230 80200230        0     1                 .L0 
80200230 80200230        0     1                 .L0 
80200230 80200230       20     1                 strcpy
80200236 80200236        0     1                 .L0 
8020023a 8020023a        0     1                 .L0 
8020023a 8020023a        0     1                 .L0 
8020023c 8020023c        0     1                 .L0 
80200246 80200246        0     1                 .L0 
80200248 80200248        0     1                 .L0 
8020024a 8020024a        0     1                 .L0 
8020024a 8020024a        0     1                 .L0 
8020024a 8020024a        0     1                 .L0 
80200250 80200250        0     1                 .L0 
80200250 80200250        0     1                 .L0 
80200250 80200250        0     1                 .L0 
80200250 80200250        0     1                 .L0 
80200250 80200250       24     1                 strcmp
80200254 80200254        0     1                 .L0 
80200256 80200256        0     1                 .L0 
80200258 80200258        0     1                 .L0 
80200258 80200258        0     1                 .L0 
8020025c 8020025c        0     1                 .L0 
80200260 80200260        0     1                 .L0 
80200260 80200260        0     1                 .L0 
80200266 80200266        0     1                 .L0 
80200268 80200268        0     1                 .L0 
8020026a 8020026a        0     1                 .L0 
8020026a 8020026a        0     1                 .L0 
80200274 80200274        0     1                 .L0 
80200274 80200274        0     1                 .L0 
80200274 80200274       31     4 .rodata
80200274 80200274       31     1         <internal>:(.rodata.str1.1)
802002a8 802002a8        0     4 .bss
802002a8 802002a8        0     1         __bss = .
802002a8 802002a8        0     1         __bss_end = .
802002a8 802002a8        0     1 . = ALIGN(4)
802002a8 802002a8    20000     1 . += 128 * 1024
802202a8 802202a8        0     1 __stack_top = .
       0        0       4e     1 .riscv.attributes
       0        0       4e     1         <internal>:(.riscv.attributes)
       0        0      537     1 .debug_info
       0        0       6d     1         /var/folders/y0/2n027hfx21v_bhfbk55hbnp80000gn/T/boot-4bb23b.o:(.debug_info)
       0        0        0     1                 .L0 
       0        0        0     1                 $d
      6d       6d      27d     1         /var/folders/y0/2n027hfx21v_bhfbk55hbnp80000gn/T/kernel-310442.o:(.debug_info)
      6d       6d        0     1                 $d
     2ea      2ea      24d     1         /var/folders/y0/2n027hfx21v_bhfbk55hbnp80000gn/T/common-a6074f.o:(.debug_info)
     2ea      2ea        0     1                 $d
       0        0      2e3     1 .debug_abbrev
       0        0       21     1         /var/folders/y0/2n027hfx21v_bhfbk55hbnp80000gn/T/boot-4bb23b.o:(.debug_abbrev)
       0        0        0     1                 .L0 
       0        0        0     1                 $d
      21       21      181     1         /var/folders/y0/2n027hfx21v_bhfbk55hbnp80000gn/T/kernel-310442.o:(.debug_abbrev)
      21       21        0     1                 $d
     1a2      1a2      141     1         /var/folders/y0/2n027hfx21v_bhfbk55hbnp80000gn/T/common-a6074f.o:(.debug_abbrev)
     1a2      1a2        0     1                 $d
       0        0       20     1 .debug_aranges
       0        0       20     1         /var/folders/y0/2n027hfx21v_bhfbk55hbnp80000gn/T/boot-4bb23b.o:(.debug_aranges)
       0        0        0     1                 $d
       0        0      39d     1 .debug_line
       0        0       4e     1         /var/folders/y0/2n027hfx21v_bhfbk55hbnp80000gn/T/boot-4bb23b.o:(.debug_line)
       0        0        0     1                 .Lline_table_start0
       0        0        0     1                 $d
      4e       4e       aa     1         /var/folders/y0/2n027hfx21v_bhfbk55hbnp80000gn/T/kernel-310442.o:(.debug_line)
      4e       4e        0     1                 .Lline_table_start0
      4e       4e        0     1                 $d
      f8       f8      2a5     1         /var/folders/y0/2n027hfx21v_bhfbk55hbnp80000gn/T/common-a6074f.o:(.debug_line)
      f8       f8        0     1                 .Lline_table_start0
      f8       f8        0     1                 $d
       0        0       47     1 .debug_line_str
       0        0       47     1         <internal>:(.debug_line_str)
       0        0      23b     1 .debug_loclists
       0        0       4e     1         /var/folders/y0/2n027hfx21v_bhfbk55hbnp80000gn/T/kernel-310442.o:(.debug_loclists)
       0        0        0     1                 $d
       c        c        0     1                 .L0 
      4e       4e      1ed     1         /var/folders/y0/2n027hfx21v_bhfbk55hbnp80000gn/T/common-a6074f.o:(.debug_loclists)
      4e       4e        0     1                 $d
      5a       5a        0     1                 .L0 
       0        0      128     1 .debug_str_offsets
       0        0       90     1         /var/folders/y0/2n027hfx21v_bhfbk55hbnp80000gn/T/kernel-310442.o:(.debug_str_offsets)
       0        0        0     1                 $d
       8        8        0     1                 .L0 
      90       90       98     1         /var/folders/y0/2n027hfx21v_bhfbk55hbnp80000gn/T/common-a6074f.o:(.debug_str_offsets)
      90       90        0     1                 $d
      98       98        0     1                 .L0 
       0        0      18a     1 .debug_str
       0        0      18a     1         <internal>:(.debug_str)
       0        0       84     1 .debug_addr
       0        0       24     1         /var/folders/y0/2n027hfx21v_bhfbk55hbnp80000gn/T/kernel-310442.o:(.debug_addr)
       0        0        0     1                 $d
       8        8        0     1                 .L0 
      24       24       60     1         /var/folders/y0/2n027hfx21v_bhfbk55hbnp80000gn/T/common-a6074f.o:(.debug_addr)
      24       24        0     1                 $d
      2c       2c        0     1                 .L0 
       0        0       3b     1 .comment
       0        0       3b     1         <internal>:(.comment)
       0        0       e4     4 .debug_frame
       0        0       4c     4         /var/folders/y0/2n027hfx21v_bhfbk55hbnp80000gn/T/kernel-310442.o:(.debug_frame)
       0        0        0     1                 .L0 
       0        0        0     1                 $d
      4c       4c       98     4         /var/folders/y0/2n027hfx21v_bhfbk55hbnp80000gn/T/common-a6074f.o:(.debug_frame)
      4c       4c        0     1                 .L0 
      4c       4c        0     1                 $d
       0        0       1b     1 .debug_rnglists
       0        0       1b     1         /var/folders/y0/2n027hfx21v_bhfbk55hbnp80000gn/T/common-a6074f.o:(.debug_rnglists)
       0        0        0     1                 $d
       c        c        0     1                 .L0 
       0        0      310     4 .symtab
       0        0      310     4         <internal>:(.symtab)
       0        0       e5     1 .shstrtab
       0        0       e5     1         <internal>:(.shstrtab)
       0        0       da     1 .strtab
       0        0       da     1         <internal>:(.strtab)
